// Jest Snapshot v1, https://goo.gl/fbAQLP

exports[`Submission should be as the snapshot 1`] = `
[
  <form
    className="ant-form ant-form-vertical"
    id="submission"
    onReset={[Function]}
    onSubmit={[Function]}
  >
    <div>
      <div
        className="ant-form-item"
      >
        <div
          className="ant-row ant-form-item-row"
          style={{}}
        >
          <div
            className="ant-col ant-form-item-label ant-form-item-label-wrap"
            style={{}}
          >
            <label
              className=""
              htmlFor="submission_submission_comment"
              title=""
            >
              <span
                className="ant-typography"
                style={
                  {
                    "WebkitLineClamp": undefined,
                  }
                }
              >
                <span>
                  <span
                    className=""
                  >
                    Commentaire général
                  </span>
                  <span>
                    :
                  </span>
                </span>
              </span>
            </label>
          </div>
          <div
            className="ant-col ant-form-item-control"
            style={{}}
          >
            <div
              className="ant-form-item-control-input"
            >
              <div
                className="ant-form-item-control-input-content"
              >
                <textarea
                  className="ant-input"
                  disabled={false}
                  id="submission_submission_comment"
                  onBlur={[Function]}
                  onChange={[Function]}
                  onCompositionEnd={[Function]}
                  onCompositionStart={[Function]}
                  onFocus={[Function]}
                  onKeyDown={[Function]}
                  rows={3}
                  style={{}}
                  value=""
                />
              </div>
            </div>
          </div>
        </div>
      </div>
    </div>
  </form>,
  <span
    className="ant-typography"
    style={
      {
        "WebkitLineClamp": undefined,
      }
    }
  >
    <span>
      <span
        className=""
      >
        Veuillez vérifier les informations ci-dessous avant de soumettre le formulaire.
      </span>
    </span>
  </span>,
  <div
    className="ant-collapse ant-collapse-icon-position-start"
    role={null}
  >
    <div
      className="ant-collapse-item ant-collapse-item-active"
    >
      <div
        aria-disabled={false}
        aria-expanded={true}
        className="ant-collapse-header"
        onClick={[Function]}
        onKeyPress={[Function]}
        role="button"
        tabIndex={0}
      >
        <div
          className="ant-collapse-expand-icon"
          onClick={null}
        >
          <span
            aria-label="caret-down"
            className="anticon anticon-caret-down ant-collapse-arrow"
            role="img"
          >
            <svg
              aria-hidden="true"
              data-icon="caret-down"
              fill="currentColor"
              focusable="false"
              height="1em"
              viewBox="0 0 1024 1024"
              width="1em"
            >
              <path
                d="M840.4 300H183.6c-19.7 0-30.7 20.8-18.5 35l328.4 380.8c9.4 10.9 27.5 10.9 37 0L858.9 335c12.2-14.2 1.2-35-18.5-35z"
              />
            </svg>
          </span>
        </div>
        <span
          className="ant-collapse-header-text"
          onClick={null}
        >
          Analyse
        </span>
      </div>
      <div
        className="ant-collapse-content ant-collapse-content-active"
        role={null}
      >
        <div
          className="ant-collapse-content-box"
        >
          <div
            className="ant-descriptions ant-descriptions-small label-20"
          >
            <div
              className="ant-descriptions-view"
            >
              <table>
                <tbody>
                  <tr
                    className="ant-descriptions-row"
                  >
                    <td
                      className="ant-descriptions-item"
                      colSpan={1}
                    >
                      <div
                        className="ant-descriptions-item-container"
                      >
                        <span
                          className="ant-descriptions-item-label"
                          style={{}}
                        >
                          Analyse demandée
                        </span>
                        <span
                          className="ant-descriptions-item-content"
                          style={{}}
                        >
                          <span
                            className="ant-tag ant-tag-geekblue"
                            style={
                              {
                                "backgroundColor": undefined,
                              }
                            }
                          />
                        </span>
                      </div>
                    </td>
                  </tr>
                  <tr
                    className="ant-descriptions-row"
                  >
                    <td
                      className="ant-descriptions-item"
                      colSpan={1}
                    >
                      <div
                        className="ant-descriptions-item-container"
                      >
                        <span
                          className="ant-descriptions-item-label"
                          style={{}}
                        >
                          Établissement prescripteur
                        </span>
                      </div>
                    </td>
                  </tr>
                </tbody>
              </table>
            </div>
          </div>
        </div>
      </div>
    </div>
  </div>,
]
`;