// Jest Snapshot v1, https://goo.gl/fbAQLP

exports[`PrescriptionTable should be as the snapshot 1`] = `
<div
  className="ant-space ant-space-vertical"
  style={{}}
>
  <div
    className="ant-space-item"
    style={{}}
  >
    <div>
      <div />
    </div>
  </div>
</div>
`;
